\BOOKMARK [1][-]{Doc-Start}{\376\377\004\020\004\035\004\035\004\036\004\042\004\020\004\046\004\030\004\057}{}% 1
\BOOKMARK [1][-]{Item.8}{\376\377\004\023\004\033\004\036\004\041\004\041\004\020\004\040\004\030\004\031}{}% 2
\BOOKMARK [1][-]{section.1}{\376\377\004\022\004\062\004\065\004\064\004\065\004\075\004\070\004\065}{}% 3
\BOOKMARK [2][-]{subsection.1.1}{\376\377\004\035\004\060\004\070\004\074\004\065\004\075\004\076\004\062\004\060\004\075\004\070\004\065\000\040\004\077\004\100\004\076\004\063\004\100\004\060\004\074\004\074\004\113}{section.1}% 4
\BOOKMARK [2][-]{subsection.1.2}{\376\377\004\036\004\061\004\073\004\060\004\101\004\102\004\114\000\040\004\077\004\100\004\070\004\074\004\065\004\075\004\065\004\075\004\070\004\117}{section.1}% 5
\BOOKMARK [1][-]{section.2}{\376\377\004\036\004\101\004\075\004\076\004\062\004\060\004\075\004\070\004\117\000\040\004\064\004\073\004\117\000\040\004\100\004\060\004\067\004\100\004\060\004\061\004\076\004\102\004\072\004\070}{}% 6
\BOOKMARK [2][-]{subsection.2.1}{\376\377\004\024\004\076\004\072\004\103\004\074\004\065\004\075\004\102\000,\000\040\004\075\004\060\000\040\004\076\004\101\004\075\004\076\004\062\004\060\004\075\004\070\004\070\000\040\004\072\004\076\004\102\004\076\004\100\004\076\004\063\004\076\000\040\004\062\004\065\004\064\004\065\004\102\004\101\004\117\000\040\004\100\004\060\004\067\004\100\004\060\004\061\004\076\004\102\004\072\004\060}{section.2}% 7
\BOOKMARK [2][-]{subsection.2.2}{\376\377\004\035\004\060\004\070\004\074\004\065\004\075\004\076\004\062\004\060\004\075\004\070\004\065\000\040\004\102\004\065\004\074\004\113\000\040\004\100\004\060\004\067\004\100\004\060\004\061\004\076\004\102\004\072\004\070}{section.2}% 8
\BOOKMARK [1][-]{section.3}{\376\377\004\035\004\060\004\067\004\075\004\060\004\107\004\065\004\075\004\070\004\065\000\040\004\100\004\060\004\067\004\100\004\060\004\061\004\076\004\102\004\072\004\070}{}% 9
\BOOKMARK [2][-]{subsection.3.1}{\376\377\004\044\004\103\004\075\004\072\004\106\004\070\004\076\004\075\004\060\004\073\004\114\004\075\004\076\004\065\000\040\004\075\004\060\004\067\004\075\004\060\004\107\004\065\004\075\004\070\004\065}{section.3}% 10
\BOOKMARK [2][-]{subsection.3.2}{\376\377\004\055\004\072\004\101\004\077\004\073\004\103\004\060\004\102\004\060\004\106\004\070\004\076\004\075\004\075\004\076\004\065\000\040\004\075\004\060\004\067\004\075\004\060\004\107\004\065\004\075\004\070\004\065}{section.3}% 11
\BOOKMARK [1][-]{section.4}{\376\377\004\042\004\100\004\065\004\061\004\076\004\062\004\060\004\075\004\070\004\117\000\040\004\072\000\040\004\077\004\100\004\076\004\063\004\100\004\060\004\074\004\074\004\065}{}% 12
\BOOKMARK [2][-]{subsection.4.1}{\376\377\004\044\004\103\004\075\004\072\004\106\004\070\004\076\004\075\004\060\004\073\004\114\004\075\004\113\004\065\000\040\004\102\004\100\004\065\004\061\004\076\004\062\004\060\004\075\004\070\004\117}{section.4}% 13
\BOOKMARK [3][-]{subsubsection.4.1.1}{\376\377\004\020\004\062\004\102\004\076\004\100\004\070\004\067\004\060\004\106\004\070\004\117\000\040\004\070\000\040\004\077\004\100\004\076\004\104\004\070\004\073\004\114}{subsection.4.1}% 14
\BOOKMARK [3][-]{subsubsection.4.1.2}{\376\377\004\037\004\076\004\065\004\067\004\064\004\072\004\070}{subsection.4.1}% 15
\BOOKMARK [3][-]{subsubsection.4.1.3}{\376\377\004\037\004\100\004\070\004\063\004\073\004\060\004\110\004\065\004\075\004\070\004\117\000\040\004\070\000\040\004\077\004\100\004\070\004\101\004\076\004\065\004\064\004\070\004\075\004\065\004\075\004\070\004\065}{subsection.4.1}% 16
\BOOKMARK [3][-]{subsubsection.4.1.4}{\376\377\004\030\004\064\004\065\004\070\000\040\004\070\000\040\004\076\004\061\004\101\004\103\004\066\004\064\004\065\004\075\004\070\004\117}{subsection.4.1}% 17
\BOOKMARK [3][-]{subsubsection.4.1.5}{\376\377\004\034\004\060\004\100\004\110\004\100\004\103\004\102}{subsection.4.1}% 18
\BOOKMARK [3][-]{subsubsection.4.1.6}{\376\377\004\040\004\060\004\101\004\105\004\076\004\064\004\113\000\040\004\070\000\040\004\061\004\060\004\073\004\060\004\075\004\101}{subsection.4.1}% 19
\BOOKMARK [3][-]{subsubsection.4.1.7}{\376\377\004\037\004\076\004\063\004\076\004\064\004\060}{subsection.4.1}% 20
\BOOKMARK [3][-]{subsubsection.4.1.8}{\376\377\004\037\004\076\004\064\004\101\004\072\004\060\004\067\004\072\004\070\000\040\004\030\004\030}{subsection.4.1}% 21
\BOOKMARK [3][-]{subsubsection.4.1.9}{\376\377\004\035\004\060\004\101\004\102\004\100\004\076\004\071\004\072\004\070\000\040\004\103\004\062\004\065\004\064\004\076\004\074\004\073\004\065\004\075\004\070\004\071}{subsection.4.1}% 22
\BOOKMARK [3][-]{subsubsection.4.1.10}{\376\377\004\036\004\104\004\073\004\060\004\071\004\075\000-\004\077\004\076\004\062\004\065\004\064\004\065\004\075\004\070\004\065}{subsection.4.1}% 23
\BOOKMARK [3][-]{subsubsection.4.1.11}{\376\377\004\033\004\076\004\072\004\060\004\073\004\070\004\067\004\060\004\106\004\070\004\117\000\040\004\070\004\075\004\102\004\065\004\100\004\104\004\065\004\071\004\101\004\060}{subsection.4.1}% 24
\BOOKMARK [2][-]{subsection.4.2}{\376\377\004\022\004\100\004\065\004\074\004\065\004\075\004\075\004\113\004\065\000\040\004\105\004\060\004\100\004\060\004\072\004\102\004\065\004\100\004\070\004\101\004\102\004\070\004\072\004\070}{section.4}% 25
\BOOKMARK [2][-]{subsection.4.3}{\376\377\004\035\004\060\004\064\004\065\004\066\004\075\004\076\004\101\004\102\004\114}{section.4}% 26
\BOOKMARK [2][-]{subsection.4.4}{\376\377\004\043\004\101\004\073\004\076\004\062\004\070\004\117\000\040\004\115\004\072\004\101\004\077\004\073\004\103\004\060\004\102\004\060\004\106\004\070\004\070}{section.4}% 27
\BOOKMARK [1][-]{section.5}{\376\377\004\042\004\100\004\065\004\061\004\076\004\062\004\060\004\075\004\070\004\117\000\040\004\072\000\040\004\077\004\100\004\076\004\063\004\100\004\060\004\074\004\074\004\075\004\076\004\071\000\040\004\064\004\076\004\072\004\103\004\074\004\065\004\075\004\102\004\060\004\106\004\070\004\070}{}% 28
\BOOKMARK [1][-]{section.6}{\376\377\004\042\004\065\004\105\004\075\004\070\004\072\004\076\000-\004\115\004\072\004\076\004\075\004\076\004\074\004\070\004\107\004\065\004\101\004\072\004\070\004\065\000\040\004\077\004\076\004\072\004\060\004\067\004\060\004\102\004\065\004\073\004\070}{}% 29
\BOOKMARK [2][-]{subsection.6.1}{\376\377\004\036\004\100\004\070\004\065\004\075\004\102\004\070\004\100\004\076\004\062\004\076\004\107\004\075\004\060\004\117\000\040\004\115\004\072\004\076\004\075\004\076\004\074\004\070\004\107\004\065\004\101\004\072\004\060\004\117\000\040\004\115\004\104\004\104\004\065\004\072\004\102\004\070\004\062\004\075\004\076\004\101\004\102\004\114}{section.6}% 30
\BOOKMARK [2][-]{subsection.6.2}{\376\377\004\037\004\100\004\065\004\064\004\077\004\076\004\073\004\060\004\063\004\060\004\065\004\074\004\060\004\117\000\040\004\063\004\076\004\064\004\076\004\062\004\060\004\117\000\040\004\077\004\076\004\102\004\100\004\065\004\061\004\075\004\076\004\101\004\102\004\114}{section.6}% 31
\BOOKMARK [2][-]{subsection.6.3}{\376\377\004\055\004\072\004\076\004\075\004\076\004\074\004\070\004\107\004\065\004\101\004\072\004\070\004\065\000\040\004\077\004\100\004\065\004\070\004\074\004\103\004\111\004\065\004\101\004\102\004\062\004\060\000\040\004\100\004\060\004\067\004\100\004\060\004\061\004\076\004\102\004\072\004\070\000\040\004\077\004\076\000\040\004\101\004\100\004\060\004\062\004\075\004\065\004\075\004\070\004\116\000\040\004\101\000\040\004\073\004\103\004\107\004\110\004\070\004\074\004\070\000\040\004\076\004\102\004\065\004\107\004\065\004\101\004\102\004\062\004\065\004\075\004\075\004\113\004\074\004\070\000\040\004\070\000\040\004\067\004\060\004\100\004\103\004\061\004\065\004\066\004\075\004\113\004\074\004\070\000\040\004\076\004\061\004\100\004\060\004\067\004\106\004\060\004\074\004\070\000\040\004\070\004\073\004\070\000\040\004\060\004\075\004\060\004\073\004\076\004\063\004\060\004\074\004\070}{section.6}% 32
\BOOKMARK [1][-]{section.7}{\376\377\004\041\004\102\004\060\004\064\004\070\004\070\000\040\004\100\004\060\004\067\004\100\004\060\004\061\004\076\004\102\004\072\004\070}{}% 33
\BOOKMARK [1][-]{section.8}{\376\377\004\037\004\076\004\100\004\117\004\064\004\076\004\072\000\040\004\072\004\076\004\075\004\102\004\100\004\076\004\073\004\117\000\040\004\070\000\040\004\077\004\100\004\070\004\065\004\074\004\072\004\070}{}% 34
\BOOKMARK [2][-]{subsection.8.1}{\376\377\004\022\004\070\004\064\004\113\000\040\004\070\004\101\004\077\004\113\004\102\004\060\004\075\004\070\004\071}{section.8}% 35
\BOOKMARK [1][-]{subsection.8.1}{\376\377\004\037\004\040\004\030\004\033\004\036\004\026\004\025\004\035\004\030\004\025\000\040\0001}{}% 36
