\BOOKMARK [1][-]{Doc-Start}{\376\377\004\040\004\065\004\104\004\065\004\100\004\060\004\102}{}% 1
\BOOKMARK [1][-]{Doc-Start}{\376\377\000A\000b\000s\000t\000r\000a\000c\000t}{}% 2
\BOOKMARK [1][-]{Doc-Start}{\376\377\004\036\004\101\004\075\004\076\004\062\004\075\004\113\004\065\000\040\004\076\004\077\004\100\004\065\004\064\004\065\004\073\004\065\004\075\004\070\004\117\000,\000\040\004\102\004\065\004\100\004\074\004\070\004\075\004\113\000\040\004\070\000\040\004\101\004\076\004\072\004\100\004\060\004\111\004\065\004\075\004\070\004\117}{}% 3
\BOOKMARK [1][-]{section.1}{\376\377\004\022\004\062\004\065\004\064\004\065\004\075\004\070\004\065}{}% 4
\BOOKMARK [1][-]{section.2}{\376\377\004\037\004\100\004\065\004\064\004\074\004\065\004\102\004\075\004\060\004\117\000\040\004\076\004\061\004\073\004\060\004\101\004\102\004\114\000\040\004\070\000\040\004\101\004\103\004\111\004\065\004\101\004\102\004\062\004\103\004\116\004\111\004\070\004\065\000\040\004\100\004\065\004\110\004\065\004\075\004\070\004\117}{}% 5
\BOOKMARK [2][-]{subsection.2.1}{\376\377\004\037\004\100\004\065\004\064\004\074\004\065\004\102\004\075\004\060\004\117\000\040\004\076\004\061\004\073\004\060\004\101\004\102\004\114\000\040\004\070\000\040\004\060\004\072\004\102\004\103\004\060\004\073\004\114\004\075\004\076\004\101\004\102\004\114}{section.2}% 6
\BOOKMARK [2][-]{subsection.2.2}{\376\377\004\036\004\077\004\070\004\101\004\060\004\075\004\070\004\065\000\040\004\101\004\103\004\111\004\065\004\101\004\102\004\062\004\103\004\116\004\111\004\070\004\105\000\040\004\100\004\065\004\110\004\065\004\075\004\070\004\071}{section.2}% 7
\BOOKMARK [3][-]{subsubsection.2.2.1}{\376\377\000S\000p\000l\000i\000t\000w\000i\000s\000e}{subsection.2.2}% 8
\BOOKMARK [3][-]{subsubsection.2.2.2}{\376\377\000W\000a\000n\000d\000e\000r\000l\000o\000g}{subsection.2.2}% 9
\BOOKMARK [3][-]{subsubsection.2.2.3}{\376\377\000T\000r\000a\000v\000e\000l\000S\000p\000e\000n\000d}{subsection.2.2}% 10
\BOOKMARK [3][-]{subsubsection.2.2.4}{\376\377\000T\000r\000i\000p\000I\000t}{subsection.2.2}% 11
\BOOKMARK [3][-]{subsubsection.2.2.5}{\376\377\004\057\004\075\004\064\004\065\004\072\004\101\000\040\004\037\004\103\004\102\004\065\004\110\004\065\004\101\004\102\004\062\004\070\004\117}{subsection.2.2}% 12
\BOOKMARK [3][-]{subsubsection.2.2.6}{\376\377\000R\000U\000S\000S\000P\000A\000S\000S}{subsection.2.2}% 13
\BOOKMARK [2][-]{subsection.2.3}{\376\377\004\036\004\077\004\070\004\101\004\060\004\075\004\070\004\065\000\040\004\100\004\060\004\067\004\100\004\060\004\061\004\060\004\102\004\113\004\062\004\060\004\065\004\074\004\076\004\063\004\076\000\040\004\100\004\065\004\110\004\065\004\075\004\070\004\117}{section.2}% 14
\BOOKMARK [2][-]{subsection.2.4}{\376\377\004\041\004\100\004\060\004\062\004\075\004\070\004\102\004\065\004\073\004\114\004\075\004\113\004\071\000\040\004\060\004\075\004\060\004\073\004\070\004\067\000\040\004\101\004\103\004\111\004\065\004\101\004\102\004\062\004\103\004\116\004\111\004\070\004\105\000\040\004\100\004\065\004\110\004\065\004\075\004\070\004\071}{section.2}% 15
\BOOKMARK [2][-]{subsection.2.5}{\376\377\004\044\004\103\004\075\004\072\004\106\004\070\004\076\004\075\004\060\004\073\004\114\004\075\004\113\004\071\000\040\004\100\004\060\004\067\004\100\004\113\004\062\000\040\004\070\000\040\004\076\004\061\004\076\004\101\004\075\004\076\004\062\004\060\004\075\004\070\004\065\000\040\004\075\004\070\004\110\004\070\000\040\004\100\004\060\004\067\004\100\004\060\004\061\004\060\004\102\004\113\004\062\004\060\004\065\004\074\004\076\004\063\004\076\000\040\004\077\004\100\004\070\004\073\004\076\004\066\004\065\004\075\004\070\004\117}{section.2}% 16
\BOOKMARK [2][-]{subsection.2.6}{\376\377\004\022\004\113\004\062\004\076\004\064\004\113\000\040\004\077\004\076\000\040\004\063\004\073\004\060\004\062\004\065}{section.2}% 17
\BOOKMARK [1][-]{section.3}{\376\377\004\037\004\100\004\076\004\065\004\072\004\102\004\070\004\100\004\076\004\062\004\060\004\075\004\070\004\065\000\040\004\101\004\070\004\101\004\102\004\065\004\074\004\113}{}% 18
\BOOKMARK [2][-]{subsection.3.1}{\376\377\004\037\004\076\004\073\004\114\004\067\004\076\004\062\004\060\004\102\004\065\004\073\004\114\004\101\004\072\004\070\004\065\000\040\004\101\004\106\004\065\004\075\004\060\004\100\004\070\004\070}{section.3}% 19
\BOOKMARK [2][-]{subsection.3.2}{\376\377\004\020\004\100\004\105\004\070\004\102\004\065\004\072\004\102\004\103\004\100\004\060\000\040\004\101\004\070\004\101\004\102\004\065\004\074\004\113}{section.3}% 20
\BOOKMARK [2][-]{subsection.3.3}{\376\377\004\034\004\076\004\064\004\065\004\073\004\114\000\040\004\064\004\060\004\075\004\075\004\113\004\105\000\040\004\070\000\040\004\101\004\062\004\117\004\067\004\070\000\040\004\101\004\103\004\111\004\075\004\076\004\101\004\102\004\065\004\071}{section.3}% 21
\BOOKMARK [2][-]{subsection.3.4}{\376\377\004\037\004\076\004\064\004\101\004\070\004\101\004\102\004\065\004\074\004\113\000\040\004\070\000\040\004\104\004\103\004\075\004\072\004\106\004\070\004\076\004\075\004\060\004\073\004\114\004\075\004\076\004\065\000\040\004\075\004\060\004\067\004\075\004\060\004\107\004\065\004\075\004\070\004\065}{section.3}% 22
\BOOKMARK [2][-]{subsection.3.5}{\376\377\004\022\004\113\004\061\004\076\004\100\000\040\004\074\004\065\004\102\004\076\004\064\004\076\004\062\000\040\004\070\000\040\004\101\004\100\004\065\004\064\004\101\004\102\004\062\000\040\004\100\004\065\004\060\004\073\004\070\004\067\004\060\004\106\004\070\004\070}{section.3}% 23
\BOOKMARK [3][-]{subsubsection.3.5.1}{\376\377\004\041\004\065\004\100\004\062\004\065\004\100\004\075\004\060\004\117\000\040\004\107\004\060\004\101\004\102\004\114}{subsection.3.5}% 24
\BOOKMARK [3][-]{subsubsection.3.5.2}{\376\377\004\045\004\100\004\060\004\075\004\070\004\073\004\070\004\111\004\065\000\040\004\064\004\060\004\075\004\075\004\113\004\105}{subsection.3.5}% 25
\BOOKMARK [3][-]{subsubsection.3.5.3}{\376\377\004\032\004\073\004\070\004\065\004\075\004\102\004\101\004\072\004\060\004\117\000\040\004\107\004\060\004\101\004\102\004\114}{subsection.3.5}% 26
\BOOKMARK [3][-]{subsubsection.3.5.4}{\376\377\004\030\004\075\004\102\004\065\004\063\004\100\004\060\004\106\004\070\004\076\004\075\004\075\004\113\004\065\000\040\004\072\004\076\004\074\004\077\004\076\004\075\004\065\004\075\004\102\004\113}{subsection.3.5}% 27
\BOOKMARK [2][-]{subsection.3.6}{\376\377\004\035\004\065\004\104\004\103\004\075\004\072\004\106\004\070\004\076\004\075\004\060\004\073\004\114\004\075\004\113\004\065\000\040\004\100\004\065\004\110\004\065\004\075\004\070\004\117}{section.3}% 28
\BOOKMARK [2][-]{subsection.3.7}{\376\377\004\022\004\113\004\062\004\076\004\064\004\113\000\040\004\077\004\076\000\040\004\063\004\073\004\060\004\062\004\065}{section.3}% 29
\BOOKMARK [1][-]{section.4}{\376\377\004\037\004\100\004\076\004\063\004\100\004\060\004\074\004\074\004\075\004\060\004\117\000\040\004\100\004\065\004\060\004\073\004\070\004\067\004\060\004\106\004\070\004\117\000\040\004\101\004\070\004\101\004\102\004\065\004\074\004\113}{}% 30
\BOOKMARK [2][-]{subsection.4.1}{\376\377\004\040\004\065\004\060\004\073\004\070\004\067\004\060\004\106\004\070\004\117\000\040\004\077\004\076\004\064\004\101\004\070\004\101\004\102\004\065\004\074\004\113\000\040\004\060\004\062\004\102\004\076\004\100\004\070\004\067\004\060\004\106\004\070\004\070\000\040\004\070\000\040\004\077\004\100\004\076\004\104\004\070\004\073\004\117}{section.4}% 31
\BOOKMARK [3][-]{subsubsection.4.1.1}{\376\377\004\040\004\065\004\060\004\073\004\070\004\067\004\060\004\106\004\070\004\117\000\040\004\075\004\060\000\040\004\072\004\073\004\070\004\065\004\075\004\102\004\065}{subsection.4.1}% 32
\BOOKMARK [3][-]{subsubsection.4.1.2}{\376\377\004\040\004\065\004\060\004\073\004\070\004\067\004\060\004\106\004\070\004\117\000\040\004\075\004\060\000\040\004\101\004\065\004\100\004\062\004\065\004\100\004\065}{subsection.4.1}% 33
\BOOKMARK [3][-]{subsubsection.4.1.3}{\376\377\004\037\004\076\004\073\004\114\004\067\004\076\004\062\004\060\004\102\004\065\004\073\004\114\004\101\004\072\004\070\004\071\000\040\004\077\004\076\004\102\004\076\004\072\000\040\000\050\004\062\004\073\004\060\004\064\004\065\004\073\004\065\004\106\000/\004\103\004\107\004\060\004\101\004\102\004\075\004\070\004\072\000\051}{subsection.4.1}% 34
\BOOKMARK [3][-]{subsubsection.4.1.4}{\376\377\004\040\004\065\004\067\004\103\004\073\004\114\004\102\004\060\004\102\000\040\004\064\004\073\004\117\000\040\004\077\004\076\004\073\004\114\004\067\004\076\004\062\004\060\004\102\004\065\004\073\004\117}{subsection.4.1}% 35
\BOOKMARK [2][-]{subsection.4.2}{\376\377\004\040\004\065\004\060\004\073\004\070\004\067\004\060\004\106\004\070\004\117\000\040\004\077\004\076\004\064\004\101\004\070\004\101\004\102\004\065\004\074\004\113\000\040\004\077\004\076\004\065\004\067\004\064\004\076\004\072\000\040\004\070\000\040\004\103\004\107\004\060\004\101\004\102\004\075\004\070\004\072\004\076\004\062}{section.4}% 36
\BOOKMARK [3][-]{subsubsection.4.2.1}{\376\377\004\040\004\065\004\060\004\073\004\070\004\067\004\060\004\106\004\070\004\117\000\040\004\075\004\060\000\040\004\072\004\073\004\070\004\065\004\075\004\102\004\065}{subsection.4.2}% 37
\BOOKMARK [3][-]{subsubsection.4.2.2}{\376\377\004\040\004\065\004\060\004\073\004\070\004\067\004\060\004\106\004\070\004\117\000\040\004\075\004\060\000\040\004\101\004\065\004\100\004\062\004\065\004\100\004\065}{subsection.4.2}% 38
\BOOKMARK [3][-]{subsubsection.4.2.3}{\376\377\004\037\004\076\004\073\004\114\004\067\004\076\004\062\004\060\004\102\004\065\004\073\004\114\004\101\004\072\004\070\004\071\000\040\004\077\004\076\004\102\004\076\004\072\000\040\000\050\004\062\004\073\004\060\004\064\004\065\004\073\004\065\004\106\000/\004\103\004\107\004\060\004\101\004\102\004\075\004\070\004\072\000\051}{subsection.4.2}% 39
\BOOKMARK [3][-]{subsubsection.4.2.4}{\376\377\004\040\004\065\004\067\004\103\004\073\004\114\004\102\004\060\004\102\000\040\004\064\004\073\004\117\000\040\004\077\004\076\004\073\004\114\004\067\004\076\004\062\004\060\004\102\004\065\004\073\004\117}{subsection.4.2}% 40
\BOOKMARK [2][-]{subsection.4.3}{\376\377\004\040\004\065\004\060\004\073\004\070\004\067\004\060\004\106\004\070\004\117\000\040\004\077\004\076\004\064\004\101\004\070\004\101\004\102\004\065\004\074\004\113\000\040\004\070\004\064\004\065\004\071\000,\000\040\004\076\004\061\004\101\004\103\004\066\004\064\004\065\004\075\004\070\004\071\000\040\004\070\000\040\004\074\004\060\004\100\004\110\004\100\004\103\004\102\004\060}{section.4}% 41
\BOOKMARK [3][-]{subsubsection.4.3.1}{\376\377\004\040\004\065\004\060\004\073\004\070\004\067\004\060\004\106\004\070\004\117\000\040\004\075\004\060\000\040\004\072\004\073\004\070\004\065\004\075\004\102\004\065}{subsection.4.3}% 42
\BOOKMARK [3][-]{subsubsection.4.3.2}{\376\377\004\040\004\065\004\060\004\073\004\070\004\067\004\060\004\106\004\070\004\117\000\040\004\075\004\060\000\040\004\101\004\065\004\100\004\062\004\065\004\100\004\065}{subsection.4.3}% 43
\BOOKMARK [3][-]{subsubsection.4.3.3}{\376\377\004\037\004\076\004\073\004\114\004\067\004\076\004\062\004\060\004\102\004\065\004\073\004\114\004\101\004\072\004\070\004\071\000\040\004\077\004\076\004\102\004\076\004\072\000\040\000\050\004\062\004\073\004\060\004\064\004\065\004\073\004\065\004\106\000/\004\103\004\107\004\060\004\101\004\102\004\075\004\070\004\072\000\051}{subsection.4.3}% 44
\BOOKMARK [3][-]{subsubsection.4.3.4}{\376\377\004\040\004\065\004\067\004\103\004\073\004\114\004\102\004\060\004\102\000\040\004\064\004\073\004\117\000\040\004\077\004\076\004\073\004\114\004\067\004\076\004\062\004\060\004\102\004\065\004\073\004\117}{subsection.4.3}% 45
\BOOKMARK [2][-]{subsection.4.4}{\376\377\004\040\004\065\004\060\004\073\004\070\004\067\004\060\004\106\004\070\004\117\000\040\004\077\004\076\004\064\004\101\004\070\004\101\004\102\004\065\004\074\004\113\000\040\004\100\004\060\004\101\004\105\004\076\004\064\004\076\004\062\000\040\004\070\000\040\004\061\004\060\004\073\004\060\004\075\004\101\004\076\004\062}{section.4}% 46
\BOOKMARK [3][-]{subsubsection.4.4.1}{\376\377\004\040\004\065\004\060\004\073\004\070\004\067\004\060\004\106\004\070\004\117\000\040\004\075\004\060\000\040\004\072\004\073\004\070\004\065\004\075\004\102\004\065}{subsection.4.4}% 47
\BOOKMARK [3][-]{subsubsection.4.4.2}{\376\377\004\040\004\065\004\060\004\073\004\070\004\067\004\060\004\106\004\070\004\117\000\040\004\075\004\060\000\040\004\101\004\065\004\100\004\062\004\065\004\100\004\065}{subsection.4.4}% 48
\BOOKMARK [3][-]{subsubsection.4.4.3}{\376\377\004\037\004\076\004\073\004\114\004\067\004\076\004\062\004\060\004\102\004\065\004\073\004\114\004\101\004\072\004\070\004\071\000\040\004\077\004\076\004\102\004\076\004\072\000\040\000\050\004\062\004\073\004\060\004\064\004\065\004\073\004\065\004\106\000/\004\103\004\107\004\060\004\101\004\102\004\075\004\070\004\072\000\051}{subsection.4.4}% 49
\BOOKMARK [3][-]{subsubsection.4.4.4}{\376\377\004\040\004\065\004\067\004\103\004\073\004\114\004\102\004\060\004\102\000\040\004\064\004\073\004\117\000\040\004\077\004\076\004\073\004\114\004\067\004\076\004\062\004\060\004\102\004\065\004\073\004\117}{subsection.4.4}% 50
\BOOKMARK [2][-]{subsection.4.5}{\376\377\004\040\004\065\004\060\004\073\004\070\004\067\004\060\004\106\004\070\004\117\000\040\004\077\004\076\004\064\004\101\004\070\004\101\004\102\004\065\004\074\000\040\004\077\004\076\004\063\004\076\004\064\004\113\000,\000\040\000A\000I\000-\004\077\004\076\004\064\004\101\004\072\004\060\004\067\004\076\004\072\000\040\004\070\000\040\004\103\004\062\004\065\004\064\004\076\004\074\004\073\004\065\004\075\004\070\004\071}{section.4}% 51
\BOOKMARK [3][-]{subsubsection.4.5.1}{\376\377\004\040\004\065\004\060\004\073\004\070\004\067\004\060\004\106\004\070\004\117\000\040\004\075\004\060\000\040\004\072\004\073\004\070\004\065\004\075\004\102\004\065}{subsection.4.5}% 52
\BOOKMARK [3][-]{subsubsection.4.5.2}{\376\377\004\040\004\065\004\060\004\073\004\070\004\067\004\060\004\106\004\070\004\117\000\040\004\075\004\060\000\040\004\101\004\065\004\100\004\062\004\065\004\100\004\065}{subsection.4.5}% 53
\BOOKMARK [3][-]{subsubsection.4.5.3}{\376\377\004\037\004\076\004\073\004\114\004\067\004\076\004\062\004\060\004\102\004\065\004\073\004\114\004\101\004\072\004\070\004\071\000\040\004\077\004\076\004\102\004\076\004\072\000\040\000\050\004\062\004\073\004\060\004\064\004\065\004\073\004\065\004\106\000/\004\103\004\107\004\060\004\101\004\102\004\075\004\070\004\072\000\051}{subsection.4.5}% 54
\BOOKMARK [3][-]{subsubsection.4.5.4}{\376\377\004\040\004\065\004\067\004\103\004\073\004\114\004\102\004\060\004\102\000\040\004\064\004\073\004\117\000\040\004\077\004\076\004\073\004\114\004\067\004\076\004\062\004\060\004\102\004\065\004\073\004\117}{subsection.4.5}% 55
\BOOKMARK [2][-]{subsection.4.6}{\376\377\004\040\004\065\004\060\004\073\004\070\004\067\004\060\004\106\004\070\004\117\000\040\004\076\004\104\004\073\004\060\004\071\004\075\000-\004\100\004\065\004\066\004\070\004\074\004\060\000\040\004\070\000\040\004\101\004\070\004\075\004\105\004\100\004\076\004\075\004\070\004\067\004\060\004\106\004\070\004\070}{section.4}% 56
\BOOKMARK [3][-]{subsubsection.4.6.1}{\376\377\004\040\004\065\004\060\004\073\004\070\004\067\004\060\004\106\004\070\004\117\000\040\004\075\004\060\000\040\004\072\004\073\004\070\004\065\004\075\004\102\004\065}{subsection.4.6}% 57
\BOOKMARK [3][-]{subsubsection.4.6.2}{\376\377\004\040\004\065\004\060\004\073\004\070\004\067\004\060\004\106\004\070\004\117\000\040\004\075\004\060\000\040\004\101\004\065\004\100\004\062\004\065\004\100\004\065}{subsection.4.6}% 58
\BOOKMARK [3][-]{subsubsection.4.6.3}{\376\377\004\037\004\076\004\073\004\114\004\067\004\076\004\062\004\060\004\102\004\065\004\073\004\114\004\101\004\072\004\070\004\071\000\040\004\077\004\076\004\102\004\076\004\072\000\040\000\050\004\062\004\073\004\060\004\064\004\065\004\073\004\065\004\106\000/\004\103\004\107\004\060\004\101\004\102\004\075\004\070\004\072\000\051}{subsection.4.6}% 59
\BOOKMARK [3][-]{subsubsection.4.6.4}{\376\377\004\040\004\065\004\067\004\103\004\073\004\114\004\102\004\060\004\102\000\040\004\064\004\073\004\117\000\040\004\077\004\076\004\073\004\114\004\067\004\076\004\062\004\060\004\102\004\065\004\073\004\117}{subsection.4.6}% 60
\BOOKMARK [2][-]{subsection.4.7}{\376\377\004\037\004\100\004\076\004\062\004\065\004\100\004\072\004\060\000\040\004\101\004\072\004\062\004\076\004\067\004\075\004\113\004\105\000\040\004\077\004\076\004\073\004\114\004\067\004\076\004\062\004\060\004\102\004\065\004\073\004\114\004\101\004\072\004\070\004\105\000\040\004\101\004\106\004\065\004\075\004\060\004\100\004\070\004\065\004\062}{section.4}% 61
\BOOKMARK [2][-]{subsection.4.8}{\376\377\004\020\004\062\004\102\004\076\004\074\004\060\004\102\004\070\004\067\004\070\004\100\004\076\004\062\004\060\004\075\004\075\004\076\004\065\000\040\004\102\004\065\004\101\004\102\004\070\004\100\004\076\004\062\004\060\004\075\004\070\004\065\000\040\004\070\000\040\004\060\004\075\004\060\004\073\004\070\004\067\000\040\004\077\004\076\004\072\004\100\004\113\004\102\004\070\004\117}{section.4}% 62
\BOOKMARK [3][-]{subsubsection.4.8.1}{\376\377\004\037\004\076\004\110\004\060\004\063\004\076\004\062\004\113\004\071\000\040\004\067\004\060\004\077\004\103\004\101\004\072\000\040\004\077\004\100\004\076\004\062\004\065\004\100\004\076\004\072\000\040\000\050\004\064\004\073\004\117\000\040\004\062\004\075\004\065\004\110\004\075\004\065\004\063\004\076\000\040\004\077\004\100\004\076\004\062\004\065\004\100\004\117\004\116\004\111\004\065\004\063\004\076\000\051}{subsection.4.8}% 63
\BOOKMARK [3][-]{subsubsection.4.8.2}{\376\377\004\034\004\065\004\102\004\076\004\064\004\070\004\072\004\060\000\040\004\100\004\060\004\101\004\107\004\065\004\102\004\060\000\040\004\072\004\076\004\115\004\104\004\104\004\070\004\106\004\070\004\065\004\075\004\102\004\060\000\040\004\077\004\076\004\072\004\100\004\113\004\102\004\070\004\117}{subsection.4.8}% 64
\BOOKMARK [3][-]{subsubsection.4.8.3}{\376\377\004\032\004\076\004\075\004\102\004\103\004\100\000\040\004\104\004\060\004\071\004\073\004\076\004\062\000\040\004\070\000\040\004\077\004\100\004\070\004\107\004\070\004\075\004\113\000\040\004\070\004\101\004\072\004\073\004\116\004\107\004\065\004\075\004\070\004\071\000\040\004\070\004\067\000\040\004\100\004\060\004\101\004\107\004\065\004\102\004\060\000\040\004\077\004\076\004\072\004\100\004\113\004\102\004\070\004\117}{subsection.4.8}% 65
\BOOKMARK [3][-]{subsubsection.4.8.4}{\376\377\004\044\004\060\004\072\004\102\004\070\004\107\004\065\004\101\004\072\004\070\004\065\000\040\004\100\004\065\004\067\004\103\004\073\004\114\004\102\004\060\004\102\004\113}{subsection.4.8}% 66
\BOOKMARK [3][-]{subsubsection.4.8.5}{\376\377\004\030\004\075\004\102\004\065\004\100\004\077\004\100\004\065\004\102\004\060\004\106\004\070\004\117\000\040\004\100\004\065\004\067\004\103\004\073\004\114\004\102\004\060\004\102\004\076\004\062}{subsection.4.8}% 67
\BOOKMARK [2][-]{subsection.4.9}{\376\377\004\022\004\113\004\062\004\076\004\064\004\113\000\040\004\077\004\076\000\040\004\063\004\073\004\060\004\062\004\065}{section.4}% 68
\BOOKMARK [1][-]{section.5}{\376\377\004\027\004\060\004\072\004\073\004\116\004\107\004\065\004\075\004\070\004\065}{}% 69
\BOOKMARK [1][-]{section.5}{\376\377\004\041\004\077\004\070\004\101\004\076\004\072\000\040\004\070\004\101\004\102\004\076\004\107\004\075\004\070\004\072\004\076\004\062}{}% 70
